[{"type":"parent","key":"common","innerItem":[{"type":"added","key":"follow","value":"false"},{"type":"unchanged","key":"setting1","value":"Value 1"},{"type":"deleted","key":"setting2","value":200},{"type":"changed","key":"setting3","firstFile":"true","secondFile":"null"},{"type":"added","key":"setting4","value":"blah blah"},{"type":"added","key":"setting5","value":{"key5":"value5"}},{"type":"parent","key":"setting6","innerItem":[{"type":"parent","key":"doge","innerItem":[{"type":"changed","key":"wow","firstFile":"","secondFile":"so much"}]},{"type":"unchanged","key":"key","value":"value"},{"type":"added","key":"ops","value":"vops"}]}]},{"type":"parent","key":"group1","innerItem":[{"type":"changed","key":"baz","firstFile":"bas","secondFile":"bars"},{"type":"unchanged","key":"foo","value":"bar"},{"type":"changed","key":"nest","firstFile":{"key":"value"},"secondFile":"str"}]},{"type":"deleted","key":"group2","value":{"abc":12345,"deep":{"id":45}}},{"type":"added","key":"group3","value":{"deep":{"id":{"number":45}},"fee":100500}}]
